// Jest Snapshot v1, https://goo.gl/fbAQLP

exports[`ListItem ListItem的快照测试 1`] = `
<View
  accessibilityComponentType={undefined}
  accessibilityLabel={undefined}
  accessibilityTraits={undefined}
  accessible={true}
  hasTVPreferredFocus={undefined}
  hitSlop={undefined}
  isTVSelectable={true}
  onLayout={undefined}
  onResponderGrant={[Function]}
  onResponderMove={[Function]}
  onResponderRelease={[Function]}
  onResponderTerminate={[Function]}
  onResponderTerminationRequest={[Function]}
  onStartShouldSetResponder={[Function]}
  style={
    Array [
      Object {
        "backgroundColor": "transparent",
      },
      undefined,
    ]
  }
  testID={undefined}
  tvParallaxProperties={undefined}
>
  <View
    style={
      Array [
        Object {
          "backgroundColor": "#FFF",
          "flexDirection": "row",
        },
        undefined,
      ]
    }
  >
    <View
      style={
        Array [
          Object {
            "alignItems": "center",
            "justifyContent": "center",
            "marginLeft": 5,
            "minWidth": 22.5,
          },
        ]
      }
    >
      <Text
        accessible={true}
        allowFontScaling={false}
        ellipsizeMode="tail"
        style={
          Array [
            Object {
              "color": undefined,
              "fontSize": 12,
            },
            Array [
              Object {
                "backgroundColor": "transparent",
                "fontSize": 22.5,
              },
              Object {
                "color": "#808080",
              },
            ],
            Object {
              "fontFamily": "Ionicons",
              "fontStyle": "normal",
              "fontWeight": "normal",
            },
          ]
        }
      >
        
      </Text>
    </View>
    <View
      style={
        Array [
          Object {
            "alignItems": "stretch",
            "borderBottomWidth": 0.5,
            "borderColor": "#CCC",
            "flex": 1,
            "flexDirection": "row",
            "marginBottom": 0,
            "marginLeft": 10,
            "marginRight": 10,
            "marginTop": 0,
            "minHeight": 45,
          },
          undefined,
          undefined,
        ]
      }
    >
      <Image
        source={
          Object {
            "uri": "http://xxxxxxxxxxxxxx.com/xxx.jpg",
          }
        }
        style={
          Array [
            Object {
              "alignSelf": "center",
              "backgroundColor": "#000",
              "borderRadius": 17.5,
              "height": 35,
              "marginRight": 10,
              "width": 35,
            },
            undefined,
          ]
        }
      />
      <View
        style={
          Array [
            Object {
              "flex": 1,
            },
          ]
        }
      >
        <View
          style={
            Array [
              Object {
                "flex": 1,
              },
              Object {
                "flexDirection": "row",
              },
              Object {
                "paddingBottom": 2.5,
                "paddingTop": 5,
              },
            ]
          }
        >
          <View
            style={
              Array [
                Object {
                  "justifyContent": "center",
                },
              ]
            }
          >
            <Text
              accessible={true}
              allowFontScaling={true}
              ellipsizeMode="tail"
              numberOfLines={1}
              style={
                Array [
                  Object {
                    "color": "#808080",
                  },
                ]
              }
            >
              列表标题
            </Text>
          </View>
          <Text
            accessible={true}
            allowFontScaling={true}
            ellipsizeMode="tail"
            numberOfLines={1}
            style={
              Array [
                Object {
                  "alignSelf": "center",
                  "flex": 1,
                  "textAlign": "right",
                },
                Object {
                  "color": "#000",
                },
              ]
            }
          >
            xxxx
          </Text>
        </View>
        <View
          style={
            Array [
              Object {
                "flex": 1,
              },
              Object {
                "paddingBottom": 5,
              },
            ]
          }
        >
          <Text
            accessible={true}
            allowFontScaling={true}
            ellipsizeMode="tail"
            numberOfLines={1}
            style={
              Array [
                Object {
                  "color": "#808080",
                },
                Object {
                  "minHeight": 20,
                },
              ]
            }
          >
            xxxxxxxxx
          </Text>
        </View>
      </View>
      <View
        style={
          Array [
            Object {
              "alignItems": "center",
              "justifyContent": "center",
              "marginLeft": 10,
              "minWidth": 1,
            },
          ]
        }
      >
        <View
          style={
            Array [
              Object {
                "alignItems": "center",
                "backgroundColor": "#de6e00",
                "borderRadius": 20,
                "height": 20,
                "justifyContent": "center",
                "paddingBottom": "*",
                "paddingLeft": 0.5,
                "paddingRight": 10,
                "paddingTop": 0,
              },
            ]
          }
        >
          <Text
            accessible={true}
            allowFontScaling={true}
            ellipsizeMode="tail"
            style={
              Array [
                Object {
                  "color": "#FFF",
                },
              ]
            }
          >
            10
          </Text>
        </View>
      </View>
    </View>
  </View>
</View>
`;
